// Jest Snapshot v1, https://goo.gl/fbAQLP

exports[`Tabs should render Tabs 1`] = `
<div
  className="c-tabs -size-32 -color-primary"
>
  <div
    className="c-tabs--line"
  />
  <div
    className="c-tabs--option -selected"
    onClick={[Function]}
  >
    <div>
      title1
    </div>
  </div>
  <div
    className="c-tabs--option"
    onClick={[Function]}
  >
    <div>
      title2
    </div>
  </div>
</div>
`;
