// Jest Snapshot v1, https://goo.gl/fbAQLP

exports[`Textarea should render Textarea 1`] = `
<div
  className="c-textarea -size-128 -view-flat -color-primary -disabled"
>
  <textarea
    disabled={true}
    name={undefined}
    onBlur={[Function]}
    onChange={[Function]}
    onFocus={[Function]}
    onKeyDown={[Function]}
    onKeyPress={[Function]}
    onKeyUp={[Function]}
    placeholder={undefined}
    value={undefined}
  />
</div>
`;
