// Jest Snapshot v1, https://goo.gl/fbAQLP

exports[`TypeaheadInput should render TypeaheadInput 1`] = `
<div
  className="c-typeahead-input"
>
  <div
    className="c-input -color-success"
  >
    <input
      disabled={undefined}
      name={undefined}
      onBlur={[Function]}
      onChange={[Function]}
      onClick={[Function]}
      onFocus={[Function]}
      onKeyDown={[Function]}
      onKeyPress={[Function]}
      onKeyUp={[Function]}
      placeholder="Test"
      value="a"
    />
  </div>
</div>
`;
